// Jest Snapshot v1, https://goo.gl/fbAQLP

exports[`<ProjectModal/> should render the ProjectModal with the buttons 1`] = `null`;
